[ICache] FPU TEST MODE: Using hardcoded FP program.
[ICache] Warning: programs/hex/rvc_test.hex not found, using default hardcoded program.
--- Starting ZAQAL Agile V1.0 Simulation ---
IBUF ACCEPT: pc=0000000080000000 mask=1111111111111111 epoch= 0
CORE EXECUTE [Cycle                     6]: pc=0000000080000000 inst=80000537 is_rvc= 0 epoch= 0
CORE EXECUTE: pc=0000000080000000 inst=80000537 type=ALU   src1=0000000000000000 src2=ffffffff80000000 res=ffffffff80000000
CORE EXECUTE [Cycle                     7]: pc=0000000080000004 inst=f00500d3 is_rvc= 0 epoch= 0
CORE EXECUTE [Cycle                     7]: pc=0000000080000004 inst=f00500d3 [FPU FRONT-END] frd=  1 frs1= 10 frs2=  0 frs3= 30 fsrc1=0000000000000000 fsrc2=0000000000000000 fsrc3=0000000000000000
CORE EXECUTE [Cycle                     8]: pc=0000000080000008 inst=00108153 is_rvc= 0 epoch= 0
CORE EXECUTE [Cycle                     8]: pc=0000000080000008 inst=00108153 [FPU FRONT-END] frd=  2 frs1=  1 frs2=  1 frs3=  0 fsrc1=0000000000000000 fsrc2=0000000000000000 fsrc3=0000000000000000
CORE EXECUTE [Cycle                     9]: pc=000000008000000c inst=021101d3 is_rvc= 0 epoch= 0
CORE EXECUTE [Cycle                     9]: pc=000000008000000c inst=021101d3 [FPU FRONT-END] frd=  3 frs1=  2 frs2=  1 frs3=  0 fsrc1=0000000000000000 fsrc2=0000000000000000 fsrc3=0000000000000000
CORE EXECUTE [Cycle                    10]: pc=0000000080000010 inst=18208243 is_rvc= 0 epoch= 0
CORE EXECUTE [Cycle                    10]: pc=0000000080000010 inst=18208243 [FPU FRONT-END] frd=  4 frs1=  1 frs2=  2 frs3=  3 fsrc1=0000000000000000 fsrc2=0000000000000000 fsrc3=0000000000000000
CORE EXECUTE [Cycle                    11]: pc=0000000080000014 inst=00052287 is_rvc= 0 epoch= 0
CORE EXECUTE [Cycle                    11]: pc=0000000080000014 inst=00052287 [FPU FRONT-END] frd=  5 frs1= 10 frs2=  0 frs3=  0 fsrc1=0000000000000000 fsrc2=0000000000000000 fsrc3=0000000000000000
CORE EXECUTE [Cycle                    12]: pc=0000000080000018 inst=00552427 is_rvc= 0 epoch= 0
CORE EXECUTE [Cycle                    12]: pc=0000000080000018 inst=00552427 [FPU FRONT-END] frd=  8 frs1= 10 frs2=  5 frs3=  0 fsrc1=0000000000000000 fsrc2=0000000000000000 fsrc3=0000000000000000
IBUF ACCEPT: pc=0000000080000020 mask=1111111111111111 epoch= 0
CORE EXECUTE [Cycle                    13]: pc=000000008000001c inst=00100613 is_rvc= 0 epoch= 0
CORE EXECUTE: pc=000000008000001c inst=00100613 type=ALU   src1=0000000000000000 src2=0000000000000001 res=0000000000000001
[Cycle 19] FTQ Flushed! Shadow copy cleared.
CORE EXECUTE [Cycle                    14]: pc=0000000080000020 inst=0000006f is_rvc= 0 epoch= 0
CORE EXECUTE: MISPREDICT! pc=0000000080000020 inst=0000006f target=0000000080000020 pred_taken= 0 actual_taken= 1
[BRU REDIRECT] pc=0000000080000020 target=0000000080000020 actual_taken= 1 is_rvc= 0
FRONTEND FLUSH: epoch= 0 io.redirect.target=0000000080000020
IBUF FLUSHED!
BPU REDIRECT ACCEPTED: target=00000000800001c0 epoch= 0
[BRU REDIRECT] pc=0000000080000020 target=0000000080000020 actual_taken= 1 is_rvc= 0
IBUF ACCEPT: pc=0000000080000020 mask=1111111111111111 epoch= 1
[Cycle 26] FTQ Flushed! Shadow copy cleared.
CORE EXECUTE [Cycle                    21]: pc=0000000080000020 inst=0000006f is_rvc= 0 epoch= 1
CORE EXECUTE: MISPREDICT! pc=0000000080000020 inst=0000006f target=0000000080000020 pred_taken= 0 actual_taken= 1
[BRU REDIRECT] pc=0000000080000020 target=0000000080000020 actual_taken= 1 is_rvc= 0
FRONTEND FLUSH: epoch= 1 io.redirect.target=0000000080000020
IBUF FLUSHED!
BPU REDIRECT ACCEPTED: target=00000000800000e0 epoch= 1
[BRU REDIRECT] pc=0000000080000020 target=0000000080000020 actual_taken= 1 is_rvc= 0
IBUF ACCEPT: pc=0000000080000020 mask=1111111111111111 epoch= 0
[Cycle 33] FTQ Flushed! Shadow copy cleared.
CORE EXECUTE [Cycle                    28]: pc=0000000080000020 inst=0000006f is_rvc= 0 epoch= 0
CORE EXECUTE: MISPREDICT! pc=0000000080000020 inst=0000006f target=0000000080000020 pred_taken= 0 actual_taken= 1
[BRU REDIRECT] pc=0000000080000020 target=0000000080000020 actual_taken= 1 is_rvc= 0
FRONTEND FLUSH: epoch= 0 io.redirect.target=0000000080000020
IBUF FLUSHED!
BPU REDIRECT ACCEPTED: target=00000000800000e0 epoch= 0
[BRU REDIRECT] pc=0000000080000020 target=0000000080000020 actual_taken= 1 is_rvc= 0
IBUF ACCEPT: pc=0000000080000020 mask=1111111111111111 epoch= 1
[Cycle 40] FTQ Flushed! Shadow copy cleared.
CORE EXECUTE [Cycle                    35]: pc=0000000080000020 inst=0000006f is_rvc= 0 epoch= 1
CORE EXECUTE: MISPREDICT! pc=0000000080000020 inst=0000006f target=0000000080000020 pred_taken= 0 actual_taken= 1
[BRU REDIRECT] pc=0000000080000020 target=0000000080000020 actual_taken= 1 is_rvc= 0
FRONTEND FLUSH: epoch= 1 io.redirect.target=0000000080000020
IBUF FLUSHED!
BPU REDIRECT ACCEPTED: target=00000000800000e0 epoch= 1
[BRU REDIRECT] pc=0000000080000020 target=0000000080000020 actual_taken= 1 is_rvc= 0
IBUF ACCEPT: pc=0000000080000020 mask=1111111111111111 epoch= 0
[Cycle 47] FTQ Flushed! Shadow copy cleared.
CORE EXECUTE [Cycle                    42]: pc=0000000080000020 inst=0000006f is_rvc= 0 epoch= 0
CORE EXECUTE: MISPREDICT! pc=0000000080000020 inst=0000006f target=0000000080000020 pred_taken= 0 actual_taken= 1
[BRU REDIRECT] pc=0000000080000020 target=0000000080000020 actual_taken= 1 is_rvc= 0
FRONTEND FLUSH: epoch= 0 io.redirect.target=0000000080000020
IBUF FLUSHED!
BPU REDIRECT ACCEPTED: target=00000000800000e0 epoch= 0
[BRU REDIRECT] pc=0000000080000020 target=0000000080000020 actual_taken= 1 is_rvc= 0
IBUF ACCEPT: pc=0000000080000020 mask=1111111111111111 epoch= 1
[Cycle 54] FTQ Flushed! Shadow copy cleared.
CORE EXECUTE [Cycle                    49]: pc=0000000080000020 inst=0000006f is_rvc= 0 epoch= 1
CORE EXECUTE: MISPREDICT! pc=0000000080000020 inst=0000006f target=0000000080000020 pred_taken= 0 actual_taken= 1
[BRU REDIRECT] pc=0000000080000020 target=0000000080000020 actual_taken= 1 is_rvc= 0
FRONTEND FLUSH: epoch= 1 io.redirect.target=0000000080000020
IBUF FLUSHED!
BPU REDIRECT ACCEPTED: target=00000000800000e0 epoch= 1
[BRU REDIRECT] pc=0000000080000020 target=0000000080000020 actual_taken= 1 is_rvc= 0
IBUF ACCEPT: pc=0000000080000020 mask=1111111111111111 epoch= 0
--- Simulation Finished. CSV generated: ftq_dump.csv ---
--- Final Register State ---
x00: 0x0000000000000000
x01: 0x0000000000000000
x02: 0x0000000000000000
x03: 0x0000000000000000
x04: 0x0000000000000000
x05: 0x0000000000000000
x06: 0x0000000000000000
x07: 0x0000000000000000
x08: 0x0000000000000000
x09: 0x0000000000000000
x10: 0xffffffff80000000
x11: 0x0000000000000000
x12: 0x0000000000000001
x13: 0x0000000000000000
x14: 0x0000000000000000
x15: 0x0000000000000000
x16: 0x0000000000000000
x17: 0x0000000000000000
x18: 0x0000000000000000
x19: 0x0000000000000000
x20: 0x0000000000000000
x21: 0x0000000000000000
x22: 0x0000000000000000
x23: 0x0000000000000000
x24: 0x0000000000000000
x25: 0x0000000000000000
x26: 0x0000000000000000
x27: 0x0000000000000000
x28: 0x0000000000000000
x29: 0x0000000000000000
x30: 0x0000000000000000
x31: 0x0000000000000000
--- Final FP Register State ---
f00: 0x0000000000000000
f01: 0x0000000000000000
f02: 0x0000000000000000
f03: 0x0000000000000000
f04: 0x0000000000000000
f05: 0x0000000000000000
f06: 0x0000000000000000
f07: 0x0000000000000000
f08: 0x0000000000000000
f09: 0x0000000000000000
f10: 0x0000000000000000
f11: 0x0000000000000000
f12: 0x0000000000000000
f13: 0x0000000000000000
f14: 0x0000000000000000
f15: 0x0000000000000000
f16: 0x0000000000000000
f17: 0x0000000000000000
f18: 0x0000000000000000
f19: 0x0000000000000000
f20: 0x0000000000000000
f21: 0x0000000000000000
f22: 0x0000000000000000
f23: 0x0000000000000000
f24: 0x0000000000000000
f25: 0x0000000000000000
f26: 0x0000000000000000
f27: 0x0000000000000000
f28: 0x0000000000000000
f29: 0x0000000000000000
f30: 0x0000000000000000
f31: 0x0000000000000000
